<h1>a new world</h1>

<p>This is another description</p>

Tags: <ul><li>tdd</li><li>go</li><li>experiments</li></ul>